#
# There is insufficient memory for the Java Runtime Environment to continue.
# Native memory allocation (malloc) failed to allocate 1049176 bytes. Error detail: Chunk::new
# Possible reasons:
#   The system is out of physical RAM or swap space
#   This process is running with CompressedOops enabled, and the Java Heap may be blocking the growth of the native heap
# Possible solutions:
#   Reduce memory load on the system
#   Increase physical memory or swap space
#   Check if swap backing store is full
#   Decrease Java heap size (-Xmx/-Xms)
#   Decrease number of Java threads
#   Decrease Java thread stack sizes (-Xss)
#   Set larger code cache with -XX:ReservedCodeCacheSize=
#   JVM is running with Zero Based Compressed Oops mode in which the Java heap is
#     placed in the first 32GB address space. The Java Heap base address is the
#     maximum limit for the native heap growth. Please use -XX:HeapBaseMinAddress
#     to set the Java Heap base and to place the Java Heap above 32GB virtual address.
# This output file may be truncated or incomplete.
#
#  Out of Memory Error (arena.cpp:186), pid=10676, tid=21332
#
# JRE version: OpenJDK Runtime Environment (25.0.2) (build 25.0.2+-15348964-b329.117)
# Java VM: OpenJDK 64-Bit Server VM (25.0.2+-15348964-b329.117, mixed mode, tiered, compressed oops, compressed class ptrs, g1 gc, windows-amd64)
# No core dump will be written. Minidumps are not enabled by default on client versions of Windows
#

---------------  S U M M A R Y ------------

Command Line: -Denv.class.path=.;C:\PROGRA~1\IBM\SQLLIB\java\db2java.zip;C:\PROGRA~1\IBM\SQLLIB\java\db2jcc.jar;C:\PROGRA~1\IBM\SQLLIB\java\sqlj.zip;C:\PROGRA~1\IBM\SQLLIB\java\DB2JCC~1.JAR;C:\PROGRA~1\IBM\SQLLIB\BIN;C:\PROGRA~1\IBM\SQLLIB\java\Common.jar -Dapplication.home=C:\Program Files\Android\Android Studio\jbr --add-modules=ALL-DEFAULT -Xms8m -Djdk.module.main=jdk.jlink jdk.jlink/jdk.tools.jlink.internal.Main --version

Host: 12th Gen Intel(R) Core(TM) i5-1235U, 12 cores, 15G,  Windows 11 , 64 bit Build 26100 (10.0.26100.9444)
Time: Tue Sep 22 20:43:34 2026 SE Asia Standard Time elapsed time: 0.130657 seconds (0d 0h 0m 0s)

---------------  T H R E A D  ---------------

Current thread (0x000001f376010890):  JavaThread "C2 CompilerThread0" daemon [_thread_in_native, id=21332, stack(0x000000e9c9500000,0x000000e9c9600000) (1024K)]


Current CompileTask:
C2:130  148       4       java.util.HashMap::putVal (300 bytes)

Stack: [0x000000e9c9500000,0x000000e9c9600000]
Native frames: (J=compiled Java code, j=interpreted, Vv=VM code, C=native code)
V  [jvm.dll+0x7bd439]  (no source info available)
V  [jvm.dll+0x78763d]  (no source info available)
V  [jvm.dll+0xa0c885]  (no source info available)
V  [jvm.dll+0xa0ef04]  (no source info available)
V  [jvm.dll+0xa0f603]  (no source info available)
V  [jvm.dll+0x309bf6]  (no source info available)
V  [jvm.dll+0x10ea69]  (no source info available)
V  [jvm.dll+0x10ed92]  (no source info available)
V  [jvm.dll+0x1a9837]  (no source info available)
V  [jvm.dll+0x3bec92]  (no source info available)
V  [jvm.dll+0x7c2cb7]  (no source info available)
V  [jvm.dll+0x2ce046]  (no source info available)
V  [jvm.dll+0x2cd221]  (no source info available)
V  [jvm.dll+0x242ffa]  (no source info available)
V  [jvm.dll+0x2dcc05]  (no source info available)
V  [jvm.dll+0x2dae06]  (no source info available)
V  [jvm.dll+0x49b59e]  (no source info available)
V  [jvm.dll+0x9ab9c8]  (no source info available)
V  [jvm.dll+0x7bb985]  (no source info available)
C  [ucrtbase.dll+0x2cd30]  (no source info available)
C  [KERNEL32.DLL+0x2cd87]  (no source info available)
C  [ntdll.dll+0xacaec]  (no source info available)

Lock stack of current Java thread (top to bottom):


---------------  P R O C E S S  ---------------

Threads class SMR info:
_java_thread_list=0x000001f37629ca20, length=11, elements={
0x000001f3577e5650, 0x000001f36f29f6d0, 0x000001f36f2a1b40, 0x000001f36f2a2300,
0x000001f36f2a8370, 0x000001f36f2a8f40, 0x000001f37602c0c0, 0x000001f37602e890,
0x000001f376010890, 0x000001f36f2ada10, 0x000001f3762b6300
}

Java Threads: ( => current thread )
  0x000001f3577e5650 JavaThread "main"                              [_thread_in_vm, id=6764, stack(0x000000e9c8600000,0x000000e9c8700000) (1024K)]
  0x000001f36f29f6d0 JavaThread "Common-Cleaner"             daemon [_thread_blocked, id=23116, stack(0x000000e9c8e00000,0x000000e9c8f00000) (1024K)]
  0x000001f36f2a1b40 JavaThread "Reference Handler"          daemon [_thread_blocked, id=4152, stack(0x000000e9c8f00000,0x000000e9c9000000) (1024K)]
  0x000001f36f2a2300 JavaThread "Finalizer"                  daemon [_thread_blocked, id=24196, stack(0x000000e9c9000000,0x000000e9c9100000) (1024K)]
  0x000001f36f2a8370 JavaThread "Signal Dispatcher"          daemon [_thread_blocked, id=17032, stack(0x000000e9c9100000,0x000000e9c9200000) (1024K)]
  0x000001f36f2a8f40 JavaThread "Attach Listener"            daemon [_thread_blocked, id=24884, stack(0x000000e9c9200000,0x000000e9c9300000) (1024K)]
  0x000001f37602c0c0 JavaThread "Service Thread"             daemon [_thread_blocked, id=7964, stack(0x000000e9c9300000,0x000000e9c9400000) (1024K)]
  0x000001f37602e890 JavaThread "Monitor Deflation Thread"   daemon [_thread_blocked, id=6540, stack(0x000000e9c9400000,0x000000e9c9500000) (1024K)]
=>0x000001f376010890 JavaThread "C2 CompilerThread0"         daemon [_thread_in_native, id=21332, stack(0x000000e9c9500000,0x000000e9c9600000) (1024K)]
  0x000001f36f2ada10 JavaThread "C1 CompilerThread0"         daemon [_thread_in_native, id=25264, stack(0x000000e9c9600000,0x000000e9c9700000) (1024K)]
  0x000001f3762b6300 JavaThread "Notification Thread"        daemon [_thread_blocked, id=13108, stack(0x000000e9c9700000,0x000000e9c9800000) (1024K)]
Total: 11

Other Threads:
  0x000001f36f279cc0 VMThread "VM Thread"                           [id=2184, stack(0x000000e9c8d00000,0x000000e9c8e00000) (1024K)]
  0x000001f36f2394a0 WatcherThread "VM Periodic Task Thread"        [id=1544, stack(0x000000e9c8c00000,0x000000e9c8d00000) (1024K)]
  0x000001f357849610 WorkerThread "GC Thread#0"                     [id=21356, stack(0x000000e9c8700000,0x000000e9c8800000) (1024K)]
  0x000001f35785e2e0 ConcurrentGCThread "G1 Main Marker"            [id=21092, stack(0x000000e9c8800000,0x000000e9c8900000) (1024K)]
  0x000001f35785ef70 WorkerThread "G1 Conc#0"                       [id=15712, stack(0x000000e9c8900000,0x000000e9c8a00000) (1024K)]
  0x000001f36f1062c0 ConcurrentGCThread "G1 Refine#0"               [id=25224, stack(0x000000e9c8a00000,0x000000e9c8b00000) (1024K)]
  0x000001f36f1089e0 ConcurrentGCThread "G1 Service"                [id=11992, stack(0x000000e9c8b00000,0x000000e9c8c00000) (1024K)]
Total: 7

Threads with active compile tasks:
C2 CompilerThread0  186  148       4       java.util.HashMap::putVal (300 bytes)
Total: 1

VM state: not at safepoint (normal execution)

VM Mutex/Monitor currently owned by a thread: None

Heap address: 0x0000000704c00000, size: 4020 MB, Compressed Oops mode: Zero based, Oop shift amount: 3

CDS archive(s) not mapped
Compressed class space mapped at: 0x0000000083000000-0x00000000c3000000, reserved size: 1073741824
UseCompressedClassPointers 1, UseCompactObjectHeaders 0
Narrow klass pointer bits 32, Max shift 3
Narrow klass base: 0x0000000000000000, Narrow klass shift: 0
Encoding Range: [0x0000000000000000 - 0x0000000100000000), (4294967296 bytes)
Klass Range:    [0x0000000083000000 - 0x00000000c3000000), (1073741824 bytes)
Klass ID Range:  [2197815296 - 3271557113) (1073741817)
No protection zone.

GC Precious Log:
 CardTable entry size: 512
 Card Set container configuration: InlinePtr #cards 4 size 8 Array Of Cards #cards 16 size 48 Howl #buckets 8 coarsen threshold 3686 Howl Bitmap #cards 512 size 80 coarsen threshold 460 Card regions per heap region 1 cards per card region 4096
 CPUs: 12 total, 12 available
 Memory: 16078M
 Large Page Support: Disabled
 NUMA Support: Disabled
 Compressed Oops: Enabled (Zero based)
 Heap Region Size: 2M
 Heap Min Capacity: 8M
 Heap Initial Capacity: 8M
 Heap Max Capacity: 4020M
 Pre-touch: Disabled
 Parallel Workers: 10
 Concurrent Workers: 3
 Concurrent Refinement Workers: 10
 Periodic GC: Disabled

Heap:
 garbage-first heap   total reserved 4116480K, committed 8192K, used 2048K [0x0000000704c00000, 0x0000000800000000)
  region size 2048K, 2 young (4096K), 0 survivors (0K)

Heap Regions: E=young(eden), S=young(survivor), O=old, HS=humongous(starts), HC=humongous(continues), CS=collection set, F=free, TAMS=top-at-mark-start, PB=parsable bottom
|   0|0x0000000704c00000, 0x0000000704c00000, 0x0000000704e00000|  0%| F|  |TAMS 0x0000000704c00000| PB 0x0000000704c00000| Untracked |  0
|   1|0x0000000704e00000, 0x0000000704e00000, 0x0000000705000000|  0%| F|  |TAMS 0x0000000704e00000| PB 0x0000000704e00000| Untracked |  0
|   2|0x0000000705000000, 0x000000070504a680, 0x0000000705200000| 14%| E|  |TAMS 0x0000000705000000| PB 0x0000000705000000| Complete |  0
|   3|0x0000000705200000, 0x0000000705400000, 0x0000000705400000|100%| E|CS|TAMS 0x0000000705200000| PB 0x0000000705200000| Complete |  0

Card table byte_map: [0x000001f36aa00000,0x000001f36b1e0000] _byte_map_base: 0x000001f3671da000

Marking Bits: (CMBitMap*) 0x000001f357849da0
 Bits: [0x000001f36b1e0000, 0x000001f36f0b0000)

Polling page: 0x000001f355690000

Metaspace:
Metaspace        used 6959K, committed 7168K, reserved 1114112K
 class space     used 661K, committed 768K, reserved 1048576K

Usage:
  Non-class:      6.15 MB used.
      Class:    661.71 KB used.
       Both:      6.80 MB used.

Virtual space:
  Non-class space:       64.00 MB reserved,       6.25 MB ( 10%) committed,  1 nodes.
      Class space:        1.00 GB reserved,     768.00 KB ( <1%) committed,  1 nodes.
             Both:        1.06 GB reserved,       7.00 MB ( <1%) committed. 

Chunk freelists:
   Non-Class:  8.96 MB
       Class:  15.23 MB
        Both:  24.20 MB

MaxMetaspaceSize: unlimited
CompressedClassSpaceSize: 1.00 GB
Initial GC threshold: 21.00 MB
Current GC threshold: 21.00 MB
CDS: off
 - commit_granule_bytes: 65536.
 - commit_granule_words: 8192.
 - virtual_space_node_default_size: 8388608.
 - enlarge_chunks_in_place: 1.
UseCompressedClassPointers 1, UseCompactObjectHeaders 0
Narrow klass pointer bits 32, Max shift 3
Narrow klass base: 0x0000000000000000, Narrow klass shift: 0
Encoding Range: [0x0000000000000000 - 0x0000000100000000), (4294967296 bytes)
Klass Range:    [0x0000000083000000 - 0x00000000c3000000), (1073741824 bytes)
Klass ID Range:  [2197815296 - 3271557113) (1073741817)
No protection zone.


Internal statistics:

num_allocs_failed_limit: 0.
num_arena_births: 10.
num_arena_deaths: 0.
num_vsnodes_births: 2.
num_vsnodes_deaths: 0.
num_space_committed: 112.
num_space_uncommitted: 0.
num_chunks_returned_to_freelist: 0.
num_chunks_taken_from_freelist: 25.
num_chunk_merges: 0.
num_chunk_splits: 11.
num_chunks_enlarged: 6.
num_inconsistent_stats: 0.

CodeHeap 'non-profiled nmethods': size=120064Kb used=64Kb max_used=64Kb free=119999Kb
 bounds [0x000001f362790000, 0x000001f362a00000, 0x000001f369cd0000]
CodeHeap 'profiled nmethods': size=120000Kb used=185Kb max_used=185Kb free=119814Kb
 bounds [0x000001f35acd0000, 0x000001f35af40000, 0x000001f362200000]
CodeHeap 'non-nmethods': size=5696Kb used=1240Kb max_used=1240Kb free=4455Kb
 bounds [0x000001f362200000, 0x000001f362470000, 0x000001f362790000]
CodeCache: size=245760Kb, used=1489Kb, max_used=1489Kb, free=244268Kb
 total_blobs=599, nmethods=221, adapters=281, full_count=0
Compilation: enabled, stopped_count=0, restarted_count=0

Compilation events (20 events):
Event: 0.107 Thread 0x000001f36f2ada10  159       3       java.lang.Math::min (11 bytes)
Event: 0.107 Thread 0x000001f36f2ada10 nmethod 159 0x000001f35acee008 code [0x000001f35acee100, 0x000001f35acee230]
Event: 0.107 Thread 0x000001f36f2ada10  157       3       java.util.ImmutableCollections$Set12$1::<init> (37 bytes)
Event: 0.107 Thread 0x000001f36f2ada10 nmethod 157 0x000001f35acee308 code [0x000001f35acee400, 0x000001f35acee770]
Event: 0.107 Thread 0x000001f36f2ada10  160       1       jdk.internal.module.ModuleReferenceImpl::moduleResolution (5 bytes)
Event: 0.107 Thread 0x000001f36f2ada10 nmethod 160 0x000001f36279d108 code [0x000001f36279d200, 0x000001f36279d2c8]
Event: 0.107 Thread 0x000001f36f2ada10  158       1       java.lang.module.ModuleDescriptor$Provides::service (5 bytes)
Event: 0.107 Thread 0x000001f36f2ada10 nmethod 158 0x000001f36279d408 code [0x000001f36279d500, 0x000001f36279d5c8]
Event: 0.111 Thread 0x000001f36f2ada10  163       1       java.lang.invoke.MethodType::ptypes (5 bytes)
Event: 0.111 Thread 0x000001f36f2ada10 nmethod 163 0x000001f36279d708 code [0x000001f36279d800, 0x000001f36279d8c8]
Event: 0.111 Thread 0x000001f36f2ada10  164       3       java.lang.StringLatin1::canEncode (17 bytes)
Event: 0.111 Thread 0x000001f36f2ada10 nmethod 164 0x000001f35acee788 code [0x000001f35acee880, 0x000001f35acee9e8]
Event: 0.112 Thread 0x000001f36f2ada10  165       3       java.lang.StringLatin1::indexOfChar (33 bytes)
Event: 0.112 Thread 0x000001f36f2ada10 nmethod 165 0x000001f35aceea88 code [0x000001f35aceeb80, 0x000001f35aceed90]
Event: 0.112 Thread 0x000001f36f2ada10  166       3       java.lang.StringLatin1::indexOf (17 bytes)
Event: 0.113 Thread 0x000001f36f2ada10 nmethod 166 0x000001f35aceee08 code [0x000001f35aceef00, 0x000001f35acef268]
Event: 0.113 Thread 0x000001f36f2ada10  167       3       java.lang.String::checkBoundsBeginEnd (11 bytes)
Event: 0.113 Thread 0x000001f36f2ada10 nmethod 167 0x000001f35acef288 code [0x000001f35acef380, 0x000001f35acef5a0]
Event: 0.113 Thread 0x000001f36f2ada10  168       3       jdk.internal.util.Preconditions::checkFromToIndex (24 bytes)
Event: 0.113 Thread 0x000001f36f2ada10 nmethod 168 0x000001f35acef608 code [0x000001f35acef700, 0x000001f35acef8b8]

GC Heap Usage History (0 events):
No events

Metaspace Usage History (0 events):
No events

Dll operation events (2 events):
Event: 0.008 Loaded shared library C:\Program Files\Android\Android Studio\jbr\bin\java.dll
Event: 0.012 Loaded shared library C:\Program Files\Android\Android Studio\jbr\bin\zip.dll

Deoptimization events (0 events):
No events

Classes loaded (20 events):
Event: 0.112 Loading class jdk/internal/jimage/BasicImageReader$1
Event: 0.112 Loading class java/security/PrivilegedAction
Event: 0.112 Loading class java/security/PrivilegedAction done
Event: 0.112 Loading class jdk/internal/jimage/BasicImageReader$1 done
Event: 0.112 Loading class java/security/AccessController
Event: 0.112 Loading class java/security/AccessController done
Event: 0.112 Loading class java/security/AccessControlContext
Event: 0.112 Loading class java/security/AccessControlContext done
Event: 0.112 Loading class jdk/internal/jimage/NativeImageBuffer
Event: 0.112 Loading class jdk/internal/jimage/NativeImageBuffer done
Event: 0.112 Loading class jdk/internal/jimage/NativeImageBuffer$1
Event: 0.112 Loading class jdk/internal/jimage/NativeImageBuffer$1 done
Event: 0.112 Loading class jdk/internal/reflect/Reflection$1Holder
Event: 0.112 Loading class jdk/internal/reflect/Reflection$1Holder done
Event: 0.112 Loading class jdk/internal/loader/NativeLibraries$LibraryPaths
Event: 0.112 Loading class jdk/internal/loader/NativeLibraries$LibraryPaths done
Event: 0.113 Loading class java/io/File$PathStatus
Event: 0.113 Loading class java/io/File$PathStatus done
Event: 0.128 Loading class jdk/internal/loader/NativeLibraries$1
Event: 0.128 Loading class jdk/internal/loader/NativeLibraries$1 done

Classes unloaded (0 events):
No events

Classes redefined (0 events):
No events

Internal exceptions (0 events):
No events

VM Operations (2 events):
Event: 0.100 Executing non-safepoint VM operation: HandshakeAllThreads (Deoptimize)
Event: 0.100 Executing non-safepoint VM operation: HandshakeAllThreads (Deoptimize) done

Memory protections (0 events):
No events

Nmethod flushes (0 events):
No events

Events (11 events):
Event: 0.011 Thread 0x000001f3577e5650 Thread added: 0x000001f3577e5650
Event: 0.040 Thread 0x000001f3577e5650 Thread added: 0x000001f36f29f6d0
Event: 0.044 Thread 0x000001f3577e5650 Thread added: 0x000001f36f2a1b40
Event: 0.044 Thread 0x000001f3577e5650 Thread added: 0x000001f36f2a2300
Event: 0.045 Thread 0x000001f3577e5650 Thread added: 0x000001f36f2a8370
Event: 0.045 Thread 0x000001f3577e5650 Thread added: 0x000001f36f2a8f40
Event: 0.045 Thread 0x000001f3577e5650 Thread added: 0x000001f37602c0c0
Event: 0.045 Thread 0x000001f3577e5650 Thread added: 0x000001f37602e890
Event: 0.045 Thread 0x000001f3577e5650 Thread added: 0x000001f376010890
Event: 0.045 Thread 0x000001f3577e5650 Thread added: 0x000001f36f2ada10
Event: 0.108 Thread 0x000001f3577e5650 Thread added: 0x000001f3762b6300


Dynamic libraries:
0x00007ff7459f0000 - 0x00007ff7459f8000 	C:\Program Files\Android\Android Studio\jbr\bin\jlink.exe
0x00007fff7d140000 - 0x00007fff7d3a7000 	C:\WINDOWS\SYSTEM32\ntdll.dll
0x00007fff03150000 - 0x00007fff03171000 	C:\Program Files\Avast Software\Avast\aswhook.dll
0x00007fff7b410000 - 0x00007fff7b4db000 	C:\WINDOWS\System32\KERNEL32.DLL
0x00007fff7a4a0000 - 0x00007fff7a8a2000 	C:\WINDOWS\System32\KERNELBASE.dll
0x00007fff7a340000 - 0x00007fff7a48c000 	C:\WINDOWS\System32\ucrtbase.dll
0x00007fff6b890000 - 0x00007fff6b8a6000 	C:\Program Files\Android\Android Studio\jbr\bin\jli.dll
0x00007fff5a130000 - 0x00007fff5a14b000 	C:\Program Files\Android\Android Studio\jbr\bin\VCRUNTIME140.dll
0x00007fff7c550000 - 0x00007fff7c71f000 	C:\WINDOWS\System32\USER32.dll
0x00007fff7ab60000 - 0x00007fff7ab87000 	C:\WINDOWS\System32\win32u.dll
0x00007fff5d5b0000 - 0x00007fff5d840000 	C:\WINDOWS\WinSxS\amd64_microsoft.windows.common-controls_6595b64144ccf1df_6.0.26100.9278_none_3e0d1ba8e3303201\COMCTL32.dll
0x00007fff7c520000 - 0x00007fff7c54b000 	C:\WINDOWS\System32\GDI32.dll
0x00007fff7a970000 - 0x00007fff7aa99000 	C:\WINDOWS\System32\gdi32full.dll
0x00007fff7b350000 - 0x00007fff7b3f9000 	C:\WINDOWS\System32\msvcrt.dll
0x00007fff7ab90000 - 0x00007fff7ac33000 	C:\WINDOWS\System32\msvcp_win.dll
0x00007fff7cf20000 - 0x00007fff7cf51000 	C:\WINDOWS\System32\IMM32.DLL
0x00007fff68250000 - 0x00007fff6825c000 	C:\Program Files\Android\Android Studio\jbr\bin\vcruntime140_1.dll
0x00007fff00090000 - 0x00007fff0011d000 	C:\Program Files\Android\Android Studio\jbr\bin\msvcp140.dll
0x00007ffef4130000 - 0x00007ffef500a000 	C:\Program Files\Android\Android Studio\jbr\bin\server\jvm.dll
0x00007fff7cdc0000 - 0x00007fff7ce7c000 	C:\WINDOWS\System32\ADVAPI32.dll
0x00007fff7c360000 - 0x00007fff7c409000 	C:\WINDOWS\System32\sechost.dll
0x00007fff7c760000 - 0x00007fff7c878000 	C:\WINDOWS\System32\RPCRT4.dll
0x00007fff7ce90000 - 0x00007fff7cf10000 	C:\WINDOWS\System32\WS2_32.dll
0x00007fff71610000 - 0x00007fff71646000 	C:\WINDOWS\SYSTEM32\WINMM.dll
0x00007fff6b8b0000 - 0x00007fff6b8bb000 	C:\WINDOWS\SYSTEM32\VERSION.dll
0x00007fff7a1a0000 - 0x00007fff7a1fe000 	C:\WINDOWS\SYSTEM32\POWRPROF.dll
0x00007fff7a180000 - 0x00007fff7a195000 	C:\WINDOWS\SYSTEM32\UMPDC.dll
0x00007fff79010000 - 0x00007fff7902b000 	C:\WINDOWS\SYSTEM32\kernel.appcore.dll
0x00007fff57630000 - 0x00007fff5763a000 	C:\Program Files\Android\Android Studio\jbr\bin\jimage.dll
0x00007fff776f0000 - 0x00007fff7793c000 	C:\WINDOWS\SYSTEM32\DBGHELP.DLL
0x00007fff7c890000 - 0x00007fff7cc15000 	C:\WINDOWS\System32\combase.dll
0x00007fff7cc50000 - 0x00007fff7cd29000 	C:\WINDOWS\System32\OLEAUT32.dll
0x00007fff68120000 - 0x00007fff6815b000 	C:\WINDOWS\SYSTEM32\dbgcore.DLL
0x00007fff7a8b0000 - 0x00007fff7a95c000 	C:\WINDOWS\System32\bcryptPrimitives.dll
0x00007fff50e70000 - 0x00007fff50e8f000 	C:\Program Files\Android\Android Studio\jbr\bin\java.dll
0x00007fff7cf60000 - 0x00007fff7d0fa000 	C:\WINDOWS\System32\ole32.dll
0x00007fff7bbc0000 - 0x00007fff7c358000 	C:\WINDOWS\System32\SHELL32.dll
0x00007fff49ed0000 - 0x00007fff49ee7000 	C:\Program Files\Android\Android Studio\jbr\bin\zip.dll
0x00007fff77d70000 - 0x00007fff7861e000 	C:\WINDOWS\SYSTEM32\windows.storage.dll
0x00007fff7b9c0000 - 0x00007fff7babb000 	C:\WINDOWS\System32\SHCORE.dll
0x00007fff7cd50000 - 0x00007fff7cdb6000 	C:\WINDOWS\System32\shlwapi.dll
0x00007fff7a260000 - 0x00007fff7a289000 	C:\WINDOWS\SYSTEM32\profapi.dll

JVMTI agents: none

dbghelp: loaded successfully - version: 4.0.5 - missing functions: none
symbol engine: initialized successfully - sym options: 0x614 - pdb path: .;C:\Program Files\Android\Android Studio\jbr\bin;C:\WINDOWS\SYSTEM32;C:\Program Files\Avast Software\Avast;C:\WINDOWS\WinSxS\amd64_microsoft.windows.common-controls_6595b64144ccf1df_6.0.26100.9278_none_3e0d1ba8e3303201;C:\Program Files\Android\Android Studio\jbr\bin\server

VM Arguments:
jvm_args: -Denv.class.path=.;C:\PROGRA~1\IBM\SQLLIB\java\db2java.zip;C:\PROGRA~1\IBM\SQLLIB\java\db2jcc.jar;C:\PROGRA~1\IBM\SQLLIB\java\sqlj.zip;C:\PROGRA~1\IBM\SQLLIB\java\DB2JCC~1.JAR;C:\PROGRA~1\IBM\SQLLIB\BIN;C:\PROGRA~1\IBM\SQLLIB\java\Common.jar -Dapplication.home=C:\Program Files\Android\Android Studio\jbr --add-modules=ALL-DEFAULT -Xms8m -Djdk.module.main=jdk.jlink 
java_command: jdk.jlink/jdk.tools.jlink.internal.Main --version
java_class_path (initial): <not set>
Launcher Type: SUN_STANDARD

[Global flags]
     intx CICompilerCount                          = 4                                         {product} {ergonomic}
     uint ConcGCThreads                            = 3                                         {product} {ergonomic}
     uint G1ConcRefinementThreads                  = 10                                        {product} {ergonomic}
   size_t G1HeapRegionSize                         = 2097152                                   {product} {ergonomic}
   size_t InitialHeapSize                          = 8388608                                   {product} {command line}
   size_t MarkStackSize                            = 4194304                                   {product} {ergonomic}
   size_t MarkStackSizeMax                         = 536870912                                 {product} {ergonomic}
   size_t MaxHeapSize                              = 4215275520                                {product} {ergonomic}
   size_t MaxNewSize                               = 2529165312                                {product} {ergonomic}
   size_t MinHeapDeltaBytes                        = 2097152                                   {product} {ergonomic}
   size_t MinHeapSize                              = 8388608                                   {product} {command line}
    uintx NonNMethodCodeHeapSize                   = 5832704                                {pd product} {ergonomic}
    uintx NonProfiledCodeHeapSize                  = 122945536                              {pd product} {ergonomic}
    uintx ProfiledCodeHeapSize                     = 122880000                              {pd product} {ergonomic}
    uintx ReservedCodeCacheSize                    = 251658240                              {pd product} {ergonomic}
     bool SegmentedCodeCache                       = true                                      {product} {ergonomic}
   size_t SoftMaxHeapSize                          = 4215275520                             {manageable} {ergonomic}
     bool UseCompressedOops                        = true                           {product lp64_product} {ergonomic}
     bool UseG1GC                                  = true                                      {product} {ergonomic}
     bool UseLargePagesIndividualAllocation        = false                                  {pd product} {ergonomic}

Logging:
Log output configuration:
 #0: stdout all=warning uptime,level,tags foldmultilines=false
 #1: stderr all=off uptime,level,tags foldmultilines=false

Release file:
<release file has not been read>
Environment Variables:
JAVA_HOME=C:\Program Files\OpenLogic\jdk-21.0.4.7-hotspot\
CLASSPATH=.;C:\PROGRA~1\IBM\SQLLIB\java\db2java.zip;C:\PROGRA~1\IBM\SQLLIB\java\db2jcc.jar;C:\PROGRA~1\IBM\SQLLIB\java\sqlj.zip;C:\PROGRA~1\IBM\SQLLIB\java\DB2JCC~1.JAR;C:\PROGRA~1\IBM\SQLLIB\BIN;C:\PROGRA~1\IBM\SQLLIB\java\Common.jar
PATH=C:\Program Files\Common Files\Oracle\Java\javapath;C:\Program Files\OpenLogic\jdk-21.0.4.7-hotspot\bin;C:\Program Files (x86)\Common Files\Oracle\Java\java8path;C:\Program Files (x86)\Common Files\Oracle\Java\javapath;C:\Windows\system32;C:\Windows;C:\Windows\System32\Wbem;C:\Windows\System32\WindowsPowerShell\v1.0\;C:\Windows\System32\OpenSSH\;C:\Program Files\dotnet\;C:\Program Files\Git\cmd;D:\pemrograman UB\xampp\php;C:\ProgramData\ComposerSetup\bin;d:\cursor\resources\app\bin;C:\Program Files\Docker\Docker\resources\bin;C:\Users\ASUS\AppData\Local\nvm;C:\nvm4w\nodejs;C:\PROGRA~1\IBM\SQLLIB\BIN;C:\PROGRA~1\IBM\SQLLIB\FUNCTION;C:\PROGRA~1\IBM\SQLLIB\SAMPLES\REPL;C:\WINDOWS\system32;C:\WINDOWS;C:\WINDOWS\System32\Wbem;C:\WINDOWS\System32\WindowsPowerShell\v1.0\;C:\WINDOWS\System32\OpenSSH\;C:\Users\ASUS\AppData\Local\Programs\Python\Python311\Scripts\;C:\Users\ASUS\AppData\Local\Programs\Python\Python311\;C:\Users\ASUS\AppData\Local\Programs\Python\Launcher\;C:\Program Files\MySQL\MySQL Shell 8.0\bin\;C:\Users\ASUS\AppData\Local\Microsoft\WindowsApps;C:\Users\ASUS\AppData\Local\Programs\Microsoft VS Code\bin;C:\Users\ASUS\.dotnet\tools;C:\Users\ASUS\AppData\Local\GitHubDesktop\bin;C:\Users\ASUS\AppData\Roaming\npm;C:\Users\ASUS\AppData\Roaming\Composer\vendor\bin;D:\Graphviz-12.2.1-win64\bin;D:\cursor\resources\app\bin;C:\Users\ASUS\AppData\Local\nvm;C:\nvm4w\nodejs;D:\Antigravity\bin;
USERNAME=ASUS
OS=Windows_NT
PROCESSOR_IDENTIFIER=Intel64 Family 6 Model 154 Stepping 4, GenuineIntel
TMP=C:\Users\ASUS\AppData\Local\Temp
TEMP=C:\Users\ASUS\AppData\Local\Temp




Compilation memory statistics disabled.

Periodic native trim disabled

JNI global refs:
JNI global refs: 8, weak refs: 0

JNI global refs memory usage: 835, weak refs: 201

Process memory usage:
Resident Set Size: 42512K (0% of 16463992K total physical memory with 1379764K free physical memory)

OOME stack traces (most recent first):
Classloader memory used:
Loader bootstrap                                                                       : 6925 K
Loader jdk.internal.loader.ClassLoaders$AppClassLoader                                 : 181 K

---------------  S Y S T E M  ---------------

OS:
 Windows 11 , 64 bit Build 26100 (10.0.26100.9444)
OS uptime: 0 days 4:36 hours
Hyper-V role detected

CPU: total 12 (initial active 12) (6 cores per cpu, 2 threads per core) family 6 model 154 stepping 4 microcode 0x41e, cx8, cmov, fxsr, ht, mmx, 3dnowpref, sse, sse2, sse3, ssse3, sse4.1, sse4.2, popcnt, lzcnt, tsc, tscinvbit, avx, avx2, aes, erms, clmul, bmi1, bmi2, adx, sha, fma, vzeroupper, clflush, clflushopt, clwb, hv, serialize, rdtscp, rdpid, fsrm, gfni, f16c, cet_ibt, cet_ss
Processor Information for processor 0
  Max Mhz: 1300, Current Mhz: 1300, Mhz Limit: 1300
Processor Information for processor 1
  Max Mhz: 1300, Current Mhz: 1300, Mhz Limit: 1300
Processor Information for processor 2
  Max Mhz: 1300, Current Mhz: 1300, Mhz Limit: 1300
Processor Information for processor 3
  Max Mhz: 1300, Current Mhz: 1300, Mhz Limit: 1300
Processor Information for processor 4
  Max Mhz: 1300, Current Mhz: 900, Mhz Limit: 897
Processor Information for processor 5
  Max Mhz: 1300, Current Mhz: 900, Mhz Limit: 897
Processor Information for processor 6
  Max Mhz: 1300, Current Mhz: 900, Mhz Limit: 897
Processor Information for processor 7
  Max Mhz: 1300, Current Mhz: 900, Mhz Limit: 897
Processor Information for processor 8
  Max Mhz: 1300, Current Mhz: 900, Mhz Limit: 897
Processor Information for processor 9
  Max Mhz: 1300, Current Mhz: 900, Mhz Limit: 897
Processor Information for processor 10
  Max Mhz: 1300, Current Mhz: 900, Mhz Limit: 897
Processor Information for processor 11
  Max Mhz: 1300, Current Mhz: 900, Mhz Limit: 897

Memory: 4k page, system-wide physical 16078M (1347M free)
TotalPageFile size 24270M (AvailPageFile size 5M)
current process WorkingSet (physical memory assigned to process): 41M, peak: 41M
current process commit charge ("private bytes"): 88M, peak: 89M

vm_info: OpenJDK 64-Bit Server VM (25.0.2+-15348964-b329.117) for windows-amd64 JRE (25.0.2+-15348964-b329.117), built on 2026-05-05T18:25:19Z with MS VC++ 16.10 / 16.11 (VS2019)

END.
